[2026-09-09 12:33:21] INFO: New user registered {"user_id":8,"email":"test1788957201@example.com"}
[2026-09-09 12:33:22] INFO: User logged in {"user_id":2}
[2026-09-09 12:33:22] WARNING: Failed login attempt - wrong password {"user_id":2}
[2026-09-09 12:33:22] INFO: Password reset token generated {"email":"admin@healthybharatmission.com","token_mock":"900564ef021f581ffcbd00a49b73d14ec9f2b4f3511476fd65bf7b47730b64ef"}
[2026-09-09 12:33:23] INFO: User logged in {"user_id":4}
[2026-09-09 12:33:23] WARNING: Failed login attempt - user not found {"identifier":""}
[2026-09-09 12:33:23] WARNING: Failed login attempt - user not found {"identifier":"admin@healthybharatmission.com' OR '1'='1"}
[2026-09-09 13:32:19] INFO: OTP Generated {"identifier":"abhinamdev641@gmail.com","type":"registration","otp_mock":"532389"}
[2026-09-09 13:32:19] INFO: New user registered {"user_id":9,"email":"abhinamdev641@gmail.com"}
[2026-09-09 13:39:41] INFO: OTP Generated {"identifier":"abhijob30@gmail.com","type":"registration","otp_mock":"114275"}
[2026-09-09 13:39:41] INFO: New user registered {"user_id":10,"email":"abhijob30@gmail.com"}
[2026-09-09 13:46:13] INFO: OTP Generated {"identifier":"abhi@gmail.com","type":"registration","otp_mock":"622968"}
[2026-09-09 13:46:13] INFO: New user registered {"user_id":11,"email":"abhi@gmail.com"}
[2026-09-09 13:46:51] INFO: OTP Generated {"identifier":"harry.infotech0@gmail.com","type":"registration","otp_mock":"835918"}
[2026-09-09 13:46:51] INFO: New user registered {"user_id":12,"email":"harry.infotech0@gmail.com"}
[2026-09-09 13:48:25] INFO: User logged in {"user_id":12}
[2026-09-09 16:08:53] WARNING: Failed login attempt - user not found {"identifier":"harry.infotech@gmail.com"}
[2026-09-09 16:09:28] INFO: User logged in {"user_id":12}
[2026-09-09 16:10:12] INFO: OTP Generated {"identifier":"web.abhi.dev@gmail.com","type":"registration","otp_mock":"419390"}
[2026-09-09 16:10:12] INFO: New user registered {"user_id":13,"email":"web.abhi.dev@gmail.com"}
[2026-09-09 16:10:54] INFO: OTP Generated {"identifier":"abhinamdev@gmail.com","type":"registration","otp_mock":"656773"}
[2026-09-09 16:10:54] INFO: New user registered {"user_id":14,"email":"abhinamdev@gmail.com"}
[2026-09-09 16:11:24] INFO: OTP Generated {"identifier":"abhiji@gmail.com","type":"registration","otp_mock":"729285"}
[2026-09-09 16:11:24] INFO: New user registered {"user_id":15,"email":"abhiji@gmail.com"}
[2026-09-09 16:26:13] INFO: OTP Generated {"identifier":"test_debug@gmail.com","type":"registration","otp_mock":"396807"}
[2026-09-09 16:26:13] INFO: New user registered {"user_id":16,"email":"test_debug@gmail.com"}
[2026-09-09 16:37:42] WARNING: OTP Verification failed - invalid or expired {"identifier":"test_debug@gmail.com"}
[2026-09-09 16:39:38] INFO: User logged in {"user_id":16}
[2026-09-09 16:44:45] INFO: User logged in {"user_id":12}
[2026-09-09 16:44:47] INFO: User logged in {"user_id":12}
[2026-09-09 16:44:52] INFO: User logged in {"user_id":12}
[2026-09-09 16:44:56] INFO: User logged in {"user_id":12}
[2026-09-09 16:45:34] INFO: User logged in {"user_id":12}
[2026-09-09 16:46:01] INFO: OTP Generated {"identifier":"harry.infotech@gmail.com","type":"registration","otp_mock":"790192"}
[2026-09-09 16:46:01] INFO: New user registered {"user_id":17,"email":"harry.infotech@gmail.com"}
[2026-09-09 17:34:47] INFO: User logged in {"user_id":12}
[2026-09-10 07:12:31] ERROR: Uncaught Exception: Class "HBM\Core\Response" not found {"file":"\/media\/abhishekn\/New Volume\/BKM\/Healthy_Mission_Bharat\/backend\/src\/Controllers\/StoreController.php","line":28}
[2026-09-10 07:31:30] WARNING: Failed login attempt - wrong password {"user_id":18}
[2026-09-10 07:31:56] WARNING: Failed login attempt - wrong password {"user_id":18}
[2026-09-10 07:32:58] WARNING: Failed login attempt - wrong password {"user_id":18}
[2026-09-10 07:33:09] INFO: OTP Generated {"identifier":"e2e@healthybharatmission.com","type":"registration","otp_mock":"847437"}
[2026-09-10 07:33:09] INFO: New user registered {"user_id":19,"email":"e2e@healthybharatmission.com"}
[2026-09-10 07:33:46] INFO: User logged in {"user_id":19}
[2026-09-10 07:34:12] INFO: User logged in {"user_id":19}
[2026-09-10 07:34:24] INFO: User logged in {"user_id":19}
[2026-09-10 07:46:53] INFO: User logged in {"user_id":19}
[2026-09-10 07:46:54] ERROR: Uncaught Exception: HBM\Helpers\Response::json(): Argument #1 ($data) must be of type array, true given, called in /media/abhishekn/New Volume/BKM/Healthy_Mission_Bharat/backend/src/Controllers/CheckoutController.php on line 32 {"file":"\/media\/abhishekn\/New Volume\/BKM\/Healthy_Mission_Bharat\/backend\/src\/Helpers\/Response.php","line":6}
[2026-09-10 07:46:54] ERROR: Uncaught Exception: Call to undefined method HBM\Repositories\StoreRepository::getCartItems() {"file":"\/media\/abhishekn\/New Volume\/BKM\/Healthy_Mission_Bharat\/backend\/src\/Services\/CheckoutService.php","line":35}
[2026-09-10 07:46:54] ERROR: Uncaught Exception: HBM\Helpers\Response::json(): Argument #1 ($data) must be of type array, true given, called in /media/abhishekn/New Volume/BKM/Healthy_Mission_Bharat/backend/src/Controllers/CheckoutController.php on line 66 {"file":"\/media\/abhishekn\/New Volume\/BKM\/Healthy_Mission_Bharat\/backend\/src\/Helpers\/Response.php","line":6}
[2026-09-10 07:46:54] ERROR: Uncaught Exception: Call to undefined method HBM\Repositories\StoreRepository::getCartItems() {"file":"\/media\/abhishekn\/New Volume\/BKM\/Healthy_Mission_Bharat\/backend\/src\/Services\/CheckoutService.php","line":35}
[2026-09-10 07:46:54] ERROR: Uncaught Exception: Call to undefined method HBM\Repositories\StoreRepository::getCartItems() {"file":"\/media\/abhishekn\/New Volume\/BKM\/Healthy_Mission_Bharat\/backend\/src\/Services\/CheckoutService.php","line":35}
[2026-09-10 07:46:54] ERROR: Uncaught Exception: HBM\Helpers\Response::json(): Argument #1 ($data) must be of type array, false given, called in /media/abhishekn/New Volume/BKM/Healthy_Mission_Bharat/backend/src/Controllers/CheckoutController.php on line 78 {"file":"\/media\/abhishekn\/New Volume\/BKM\/Healthy_Mission_Bharat\/backend\/src\/Helpers\/Response.php","line":6}
[2026-09-10 07:47:25] INFO: User logged in {"user_id":19}
[2026-09-10 07:47:25] ERROR: Uncaught Exception: HBM\Helpers\Response::json(): Argument #1 ($data) must be of type array, true given, called in /media/abhishekn/New Volume/BKM/Healthy_Mission_Bharat/backend/src/Controllers/CheckoutController.php on line 32 {"file":"\/media\/abhishekn\/New Volume\/BKM\/Healthy_Mission_Bharat\/backend\/src\/Helpers\/Response.php","line":6}
[2026-09-10 07:48:34] INFO: User logged in {"user_id":19}
[2026-09-10 07:51:01] INFO: User logged in {"user_id":19}
[2026-09-10 08:03:08] WARNING: Failed login attempt - wrong password {"user_id":4}
[2026-09-10 08:03:22] WARNING: Failed login attempt - wrong password {"user_id":4}
[2026-09-10 08:03:33] INFO: User logged in {"user_id":19}
[2026-09-10 08:03:33] WARNING: Failed login attempt - wrong password {"user_id":2}
[2026-09-10 08:03:54] WARNING: Failed login attempt - wrong password {"user_id":2}
[2026-09-10 08:04:05] WARNING: Failed login attempt - wrong password {"user_id":2}
[2026-09-10 08:04:16] INFO: User logged in {"user_id":2}
[2026-09-10 08:04:32] WARNING: Failed login attempt - wrong password {"user_id":19}
[2026-09-10 08:05:01] INFO: User logged in {"user_id":4}
[2026-09-10 08:05:01] INFO: User logged in {"user_id":2}
[2026-09-10 08:05:19] INFO: User logged in {"user_id":2}
[2026-09-10 08:06:20] INFO: User logged in {"user_id":4}
[2026-09-10 08:06:21] INFO: User logged in {"user_id":2}
[2026-09-10 08:06:21] INFO: User logged in {"user_id":1}
[2026-09-10 08:08:48] INFO: User logged in {"user_id":4}
[2026-09-10 08:08:48] INFO: User logged in {"user_id":2}
[2026-09-10 08:08:48] INFO: User logged in {"user_id":1}
[2026-09-10 08:09:51] INFO: User logged in {"user_id":4}
[2026-09-10 08:09:51] INFO: User logged in {"user_id":2}
[2026-09-10 08:09:51] INFO: User logged in {"user_id":1}
[2026-09-10 08:36:38] INFO: User logged in {"user_id":12}
